../Drivers/STM32F3xx_HAL_Driver/Src/stm32f3xx_hal_usart.c:274:19:HAL_USART_Init	16	static
../Drivers/STM32F3xx_HAL_Driver/Src/stm32f3xx_hal_usart.c:336:19:HAL_USART_DeInit	16	static
../Drivers/STM32F3xx_HAL_Driver/Src/stm32f3xx_hal_usart.c:379:13:HAL_USART_MspInit	16	static
../Drivers/STM32F3xx_HAL_Driver/Src/stm32f3xx_hal_usart.c:394:13:HAL_USART_MspDeInit	16	static
../Drivers/STM32F3xx_HAL_Driver/Src/stm32f3xx_hal_usart.c:724:19:HAL_USART_Transmit	48	static
../Drivers/STM32F3xx_HAL_Driver/Src/stm32f3xx_hal_usart.c:822:19:HAL_USART_Receive	48	static
../Drivers/STM32F3xx_HAL_Driver/Src/stm32f3xx_hal_usart.c:927:19:HAL_USART_TransmitReceive	64	static
../Drivers/STM32F3xx_HAL_Driver/Src/stm32f3xx_hal_usart.c:1074:19:HAL_USART_Transmit_IT	24	static
../Drivers/STM32F3xx_HAL_Driver/Src/stm32f3xx_hal_usart.c:1137:19:HAL_USART_Receive_IT	24	static
../Drivers/STM32F3xx_HAL_Driver/Src/stm32f3xx_hal_usart.c:1215:19:HAL_USART_TransmitReceive_IT	24	static
../Drivers/STM32F3xx_HAL_Driver/Src/stm32f3xx_hal_usart.c:1292:19:HAL_USART_Transmit_DMA	32	static
../Drivers/STM32F3xx_HAL_Driver/Src/stm32f3xx_hal_usart.c:1377:19:HAL_USART_Receive_DMA	32	static
../Drivers/STM32F3xx_HAL_Driver/Src/stm32f3xx_hal_usart.c:1495:19:HAL_USART_TransmitReceive_DMA	32	static
../Drivers/STM32F3xx_HAL_Driver/Src/stm32f3xx_hal_usart.c:1615:19:HAL_USART_DMAPause	24	static
../Drivers/STM32F3xx_HAL_Driver/Src/stm32f3xx_hal_usart.c:1662:19:HAL_USART_DMAResume	24	static
../Drivers/STM32F3xx_HAL_Driver/Src/stm32f3xx_hal_usart.c:1709:19:HAL_USART_DMAStop	16	static
../Drivers/STM32F3xx_HAL_Driver/Src/stm32f3xx_hal_usart.c:1769:19:HAL_USART_Abort	16	static
../Drivers/STM32F3xx_HAL_Driver/Src/stm32f3xx_hal_usart.c:1860:19:HAL_USART_Abort_IT	24	static
../Drivers/STM32F3xx_HAL_Driver/Src/stm32f3xx_hal_usart.c:1985:6:HAL_USART_IRQHandler	40	static
../Drivers/STM32F3xx_HAL_Driver/Src/stm32f3xx_hal_usart.c:2181:13:HAL_USART_TxCpltCallback	16	static
../Drivers/STM32F3xx_HAL_Driver/Src/stm32f3xx_hal_usart.c:2196:13:HAL_USART_TxHalfCpltCallback	16	static
../Drivers/STM32F3xx_HAL_Driver/Src/stm32f3xx_hal_usart.c:2211:13:HAL_USART_RxCpltCallback	16	static
../Drivers/STM32F3xx_HAL_Driver/Src/stm32f3xx_hal_usart.c:2226:13:HAL_USART_RxHalfCpltCallback	16	static
../Drivers/STM32F3xx_HAL_Driver/Src/stm32f3xx_hal_usart.c:2241:13:HAL_USART_TxRxCpltCallback	16	static
../Drivers/STM32F3xx_HAL_Driver/Src/stm32f3xx_hal_usart.c:2256:13:HAL_USART_ErrorCallback	16	static
../Drivers/STM32F3xx_HAL_Driver/Src/stm32f3xx_hal_usart.c:2271:13:HAL_USART_AbortCpltCallback	16	static
../Drivers/STM32F3xx_HAL_Driver/Src/stm32f3xx_hal_usart.c:2308:24:HAL_USART_GetState	16	static
../Drivers/STM32F3xx_HAL_Driver/Src/stm32f3xx_hal_usart.c:2319:10:HAL_USART_GetError	16	static
../Drivers/STM32F3xx_HAL_Driver/Src/stm32f3xx_hal_usart.c:2360:13:USART_EndTransfer	16	static
../Drivers/STM32F3xx_HAL_Driver/Src/stm32f3xx_hal_usart.c:2375:13:USART_DMATransmitCplt	24	static
../Drivers/STM32F3xx_HAL_Driver/Src/stm32f3xx_hal_usart.c:2415:13:USART_DMATxHalfCplt	24	static
../Drivers/STM32F3xx_HAL_Driver/Src/stm32f3xx_hal_usart.c:2433:13:USART_DMAReceiveCplt	24	static
../Drivers/STM32F3xx_HAL_Driver/Src/stm32f3xx_hal_usart.c:2508:13:USART_DMARxHalfCplt	24	static
../Drivers/STM32F3xx_HAL_Driver/Src/stm32f3xx_hal_usart.c:2526:13:USART_DMAError	24	static
../Drivers/STM32F3xx_HAL_Driver/Src/stm32f3xx_hal_usart.c:2552:13:USART_DMAAbortOnError	24	static
../Drivers/STM32F3xx_HAL_Driver/Src/stm32f3xx_hal_usart.c:2575:13:USART_DMATxAbortCallback	24	static
../Drivers/STM32F3xx_HAL_Driver/Src/stm32f3xx_hal_usart.c:2623:13:USART_DMARxAbortCallback	24	static
../Drivers/STM32F3xx_HAL_Driver/Src/stm32f3xx_hal_usart.c:2672:26:USART_WaitOnFlagUntilTimeout	24	static
../Drivers/STM32F3xx_HAL_Driver/Src/stm32f3xx_hal_usart.c:2700:26:USART_SetConfig	40	static
../Drivers/STM32F3xx_HAL_Driver/Src/stm32f3xx_hal_usart.c:2796:26:USART_CheckIdleState	32	static
../Drivers/STM32F3xx_HAL_Driver/Src/stm32f3xx_hal_usart.c:2845:13:USART_TxISR_8BIT	24	static
../Drivers/STM32F3xx_HAL_Driver/Src/stm32f3xx_hal_usart.c:2879:13:USART_TxISR_16BIT	24	static
../Drivers/STM32F3xx_HAL_Driver/Src/stm32f3xx_hal_usart.c:2912:13:USART_EndTransmit_IT	16	static
../Drivers/STM32F3xx_HAL_Driver/Src/stm32f3xx_hal_usart.c:2968:13:USART_RxISR_8BIT	24	static
../Drivers/STM32F3xx_HAL_Driver/Src/stm32f3xx_hal_usart.c:3048:13:USART_RxISR_16BIT	32	static
